Archive member included to satisfy reference by file (symbol)

C:/ST/STM32CubeIDE_1.13.1/STM32CubeIDE/plugins/com.st.stm32cube.ide.mcu.externaltools.gnu-tools-for-stm32.11.3.rel1.win32_1.1.0.202305231506/tools/bin/../lib/gcc/arm-none-eabi/11.3.1/../../../../arm-none-eabi/lib/thumb/v7e-m+fp/hard\libc_nano.a(libc_a-exit.o)
                              C:/ST/STM32CubeIDE_1.13.1/STM32CubeIDE/plugins/com.st.stm32cube.ide.mcu.externaltools.gnu-tools-for-stm32.11.3.rel1.win32_1.1.0.202305231506/tools/bin/../lib/gcc/arm-none-eabi/11.3.1/../../../../arm-none-eabi/lib/thumb/v7e-m+fp/hard/crt0.o (exit)
C:/ST/STM32CubeIDE_1.13.1/STM32CubeIDE/plugins/com.st.stm32cube.ide.mcu.externaltools.gnu-tools-for-stm32.11.3.rel1.win32_1.1.0.202305231506/tools/bin/../lib/gcc/arm-none-eabi/11.3.1/../../../../arm-none-eabi/lib/thumb/v7e-m+fp/hard\libc_nano.a(libc_a-findfp.o)
                              C:/ST/STM32CubeIDE_1.13.1/STM32CubeIDE/plugins/com.st.stm32cube.ide.mcu.externaltools.gnu-tools-for-stm32.11.3.rel1.win32_1.1.0.202305231506/tools/bin/../lib/gcc/arm-none-eabi/11.3.1/../../../../arm-none-eabi/lib/thumb/v7e-m+fp/hard\libc_nano.a(libc_a-exit.o) (__stdio_exit_handler)
C:/ST/STM32CubeIDE_1.13.1/STM32CubeIDE/plugins/com.st.stm32cube.ide.mcu.externaltools.gnu-tools-for-stm32.11.3.rel1.win32_1.1.0.202305231506/tools/bin/../lib/gcc/arm-none-eabi/11.3.1/../../../../arm-none-eabi/lib/thumb/v7e-m+fp/hard\libc_nano.a(libc_a-fwalk.o)
                              C:/ST/STM32CubeIDE_1.13.1/STM32CubeIDE/plugins/com.st.stm32cube.ide.mcu.externaltools.gnu-tools-for-stm32.11.3.rel1.win32_1.1.0.202305231506/tools/bin/../lib/gcc/arm-none-eabi/11.3.1/../../../../arm-none-eabi/lib/thumb/v7e-m+fp/hard\libc_nano.a(libc_a-findfp.o) (_fwalk_sglue)
C:/ST/STM32CubeIDE_1.13.1/STM32CubeIDE/plugins/com.st.stm32cube.ide.mcu.externaltools.gnu-tools-for-stm32.11.3.rel1.win32_1.1.0.202305231506/tools/bin/../lib/gcc/arm-none-eabi/11.3.1/../../../../arm-none-eabi/lib/thumb/v7e-m+fp/hard\libc_nano.a(libc_a-stdio.o)
                              C:/ST/STM32CubeIDE_1.13.1/STM32CubeIDE/plugins/com.st.stm32cube.ide.mcu.externaltools.gnu-tools-for-stm32.11.3.rel1.win32_1.1.0.202305231506/tools/bin/../lib/gcc/arm-none-eabi/11.3.1/../../../../arm-none-eabi/lib/thumb/v7e-m+fp/hard\libc_nano.a(libc_a-findfp.o) (__sread)
C:/ST/STM32CubeIDE_1.13.1/STM32CubeIDE/plugins/com.st.stm32cube.ide.mcu.externaltools.gnu-tools-for-stm32.11.3.rel1.win32_1.1.0.202305231506/tools/bin/../lib/gcc/arm-none-eabi/11.3.1/../../../../arm-none-eabi/lib/thumb/v7e-m+fp/hard\libc_nano.a(libc_a-memset.o)
                              C:/ST/STM32CubeIDE_1.13.1/STM32CubeIDE/plugins/com.st.stm32cube.ide.mcu.externaltools.gnu-tools-for-stm32.11.3.rel1.win32_1.1.0.202305231506/tools/bin/../lib/gcc/arm-none-eabi/11.3.1/../../../../arm-none-eabi/lib/thumb/v7e-m+fp/hard/crt0.o (memset)
C:/ST/STM32CubeIDE_1.13.1/STM32CubeIDE/plugins/com.st.stm32cube.ide.mcu.externaltools.gnu-tools-for-stm32.11.3.rel1.win32_1.1.0.202305231506/tools/bin/../lib/gcc/arm-none-eabi/11.3.1/../../../../arm-none-eabi/lib/thumb/v7e-m+fp/hard\libc_nano.a(libc_a-closer.o)
                              C:/ST/STM32CubeIDE_1.13.1/STM32CubeIDE/plugins/com.st.stm32cube.ide.mcu.externaltools.gnu-tools-for-stm32.11.3.rel1.win32_1.1.0.202305231506/tools/bin/../lib/gcc/arm-none-eabi/11.3.1/../../../../arm-none-eabi/lib/thumb/v7e-m+fp/hard\libc_nano.a(libc_a-stdio.o) (_close_r)
C:/ST/STM32CubeIDE_1.13.1/STM32CubeIDE/plugins/com.st.stm32cube.ide.mcu.externaltools.gnu-tools-for-stm32.11.3.rel1.win32_1.1.0.202305231506/tools/bin/../lib/gcc/arm-none-eabi/11.3.1/../../../../arm-none-eabi/lib/thumb/v7e-m+fp/hard\libc_nano.a(libc_a-reent.o)
                              C:/ST/STM32CubeIDE_1.13.1/STM32CubeIDE/plugins/com.st.stm32cube.ide.mcu.externaltools.gnu-tools-for-stm32.11.3.rel1.win32_1.1.0.202305231506/tools/bin/../lib/gcc/arm-none-eabi/11.3.1/../../../../arm-none-eabi/lib/thumb/v7e-m+fp/hard\libc_nano.a(libc_a-closer.o) (errno)
C:/ST/STM32CubeIDE_1.13.1/STM32CubeIDE/plugins/com.st.stm32cube.ide.mcu.externaltools.gnu-tools-for-stm32.11.3.rel1.win32_1.1.0.202305231506/tools/bin/../lib/gcc/arm-none-eabi/11.3.1/../../../../arm-none-eabi/lib/thumb/v7e-m+fp/hard\libc_nano.a(libc_a-impure.o)
                              C:/ST/STM32CubeIDE_1.13.1/STM32CubeIDE/plugins/com.st.stm32cube.ide.mcu.externaltools.gnu-tools-for-stm32.11.3.rel1.win32_1.1.0.202305231506/tools/bin/../lib/gcc/arm-none-eabi/11.3.1/../../../../arm-none-eabi/lib/thumb/v7e-m+fp/hard\libc_nano.a(libc_a-reent.o) (_impure_ptr)
C:/ST/STM32CubeIDE_1.13.1/STM32CubeIDE/plugins/com.st.stm32cube.ide.mcu.externaltools.gnu-tools-for-stm32.11.3.rel1.win32_1.1.0.202305231506/tools/bin/../lib/gcc/arm-none-eabi/11.3.1/../../../../arm-none-eabi/lib/thumb/v7e-m+fp/hard\libc_nano.a(libc_a-lseekr.o)
[...]
Memory Configuration

Name             Origin             Length             Attributes
CCMRAM           0x0000000010000000 0x0000000000010000 xrw
RAM              0x0000000020000000 0x0000000000020000 xrw
FLASH            0x0000000008000000 0x0000000000100000 xr
*default*        0x0000000000000000 0xffffffffffffffff

Linker script and memory map

LOAD C:/ST/STM32CubeIDE_1.13.1/STM32CubeIDE/plugins/com.st.stm32cube.ide.mcu.externaltools.gnu-tools-for-stm32.11.3.rel1.win32_1.1.0.202305231506/tools/bin/../lib/gcc/arm-none-eabi/11.3.1/thumb/v7e-m+fp/hard/crti.o
LOAD C:/ST/STM32CubeIDE_1.13.1/STM32CubeIDE/plugins/com.st.stm32cube.ide.mcu.externaltools.gnu-tools-for-stm32.11.3.rel1.win32_1.1.0.202305231506/tools/bin/../lib/gcc/arm-none-eabi/11.3.1/thumb/v7e-m+fp/hard/crtbegin.o
LOAD C:/ST/STM32CubeIDE_1.13.1/STM32CubeIDE/plugins/com.st.stm32cube.ide.mcu.externaltools.gnu-tools-for-stm32.11.3.rel1.win32_1.1.0.202305231506/tools/bin/../lib/gcc/arm-none-eabi/11.3.1/../../../../arm-none-eabi/lib/thumb/v7e-m+fp/hard/crt0.o
LOAD ./Core/Src/LIS3DSH.o
LOAD ./Core/Src/blinky.o
LOAD ./Core/Src/bsp.o
LOAD ./Core/Src/main.o
LOAD ./Core/Src/spi_manager.o
LOAD ./Core/Src/sst.o
LOAD ./Core/Src/sst_port.o
LOAD ./Core/Src/stm32f4xx_it.o
LOAD ./Core/Src/syscalls.o
LOAD ./Core/Src/system_stm32f4xx.o
LOAD ./Core/Src/tim.o
LOAD ./Core/Startup/startup_stm32f407vgtx.o
LOAD ./Drivers/STM32F4xx_HAL_Driver/Src/stm32f4xx_hal.o
LOAD ./Drivers/STM32F4xx_HAL_Driver/Src/stm32f4xx_hal_cortex.o
LOAD ./Drivers/STM32F4xx_HAL_Driver/Src/stm32f4xx_hal_dma.o
LOAD ./Drivers/STM32F4xx_HAL_Driver/Src/stm32f4xx_hal_dma_ex.o
LOAD ./Drivers/STM32F4xx_HAL_Driver/Src/stm32f4xx_hal_exti.o
LOAD ./Drivers/STM32F4xx_HAL_Driver/Src/stm32f4xx_hal_flash.o
LOAD ./Drivers/STM32F4xx_HAL_Driver/Src/stm32f4xx_hal_flash_ex.o
LOAD ./Drivers/STM32F4xx_HAL_Driver/Src/stm32f4xx_hal_flash_ramfunc.o
LOAD ./Drivers/STM32F4xx_HAL_Driver/Src/stm32f4xx_hal_gpio.o
LOAD ./Drivers/STM32F4xx_HAL_Driver/Src/stm32f4xx_hal_hcd.o
LOAD ./Drivers/STM32F4xx_HAL_Driver/Src/stm32f4xx_hal_pwr.o
LOAD ./Drivers/STM32F4xx_HAL_Driver/Src/stm32f4xx_hal_pwr_ex.o
LOAD ./Drivers/STM32F4xx_HAL_Driver/Src/stm32f4xx_hal_rcc.o
LOAD ./Drivers/STM32F4xx_HAL_Driver/Src/stm32f4xx_hal_rcc_ex.o
LOAD ./Drivers/STM32F4xx_HAL_Driver/Src/stm32f4xx_hal_spi.o
LOAD ./Drivers/STM32F4xx_HAL_Driver/Src/stm32f4xx_hal_tim.o
LOAD ./Drivers/STM32F4xx_HAL_Driver/Src/stm32f4xx_hal_tim_ex.o
LOAD ./Drivers/STM32F4xx_HAL_Driver/Src/stm32f4xx_ll_usb.o
START GROUP
LOAD C:/ST/STM32CubeIDE_1.13.1/STM32CubeIDE/plugins/com.st.stm32cube.ide.mcu.externaltools.gnu-tools-for-stm32.11.3.rel1.win32_1.1.0.202305231506/tools/bin/../lib/gcc/arm-none-eabi/11.3.1/../../../../arm-none-eabi/lib/thumb/v7e-m+fp/hard\libc_nano.a
LOAD C:/ST/STM32CubeIDE_1.13.1/STM32CubeIDE/plugins/com.st.stm32cube.ide.mcu.externaltools.gnu-tools-for-stm32.11.3.rel1.win32_1.1.0.202305231506/tools/bin/../lib/gcc/arm-none-eabi/11.3.1/../../../../arm-none-eabi/lib/thumb/v7e-m+fp/hard\libm.a
END GROUP
START GROUP
LOAD C:/ST/STM32CubeIDE_1.13.1/STM32CubeIDE/plugins/com.st.stm32cube.ide.mcu.externaltools.gnu-tools-for-stm32.11.3.rel1.win32_1.1.0.202305231506/tools/bin/../lib/gcc/arm-none-eabi/11.3.1/thumb/v7e-m+fp/hard\libgcc.a
LOAD C:/ST/STM32CubeIDE_1.13.1/STM32CubeIDE/plugins/com.st.stm32cube.ide.mcu.externaltools.gnu-tools-for-stm32.11.3.rel1.win32_1.1.0.202305231506/tools/bin/../lib/gcc/arm-none-eabi/11.3.1/../../../../arm-none-eabi/lib/thumb/v7e-m+fp/hard\libc_nano.a
END GROUP
START GROUP
LOAD C:/ST/STM32CubeIDE_1.13.1/STM32CubeIDE/plugins/com.st.stm32cube.ide.mcu.externaltools.gnu-tools-for-stm32.11.3.rel1.win32_1.1.0.202305231506/tools/bin/../lib/gcc/arm-none-eabi/11.3.1/thumb/v7e-m+fp/hard\libgcc.a
LOAD C:/ST/STM32CubeIDE_1.13.1/STM32CubeIDE/plugins/com.st.stm32cube.ide.mcu.externaltools.gnu-tools-for-stm32.11.3.rel1.win32_1.1.0.202305231506/tools/bin/../lib/gcc/arm-none-eabi/11.3.1/../../../../arm-none-eabi/lib/thumb/v7e-m+fp/hard\libc_nano.a
LOAD C:/ST/STM32CubeIDE_1.13.1/STM32CubeIDE/plugins/com.st.stm32cube.ide.mcu.externaltools.gnu-tools-for-stm32.11.3.rel1.win32_1.1.0.202305231506/tools/bin/../lib/gcc/arm-none-eabi/11.3.1/../../../../arm-none-eabi/lib/thumb/v7e-m+fp/hard\libnosys.a
END GROUP
START GROUP
LOAD C:/ST/STM32CubeIDE_1.13.1/STM32CubeIDE/plugins/com.st.stm32cube.ide.mcu.externaltools.gnu-tools-for-stm32.11.3.rel1.win32_1.1.0.202305231506/tools/bin/../lib/gcc/arm-none-eabi/11.3.1/thumb/v7e-m+fp/hard\libgcc.a
LOAD C:/ST/STM32CubeIDE_1.13.1/STM32CubeIDE/plugins/com.st.stm32cube.ide.mcu.externaltools.gnu-tools-for-stm32.11.3.rel1.win32_1.1.0.202305231506/tools/bin/../lib/gcc/arm-none-eabi/11.3.1/../../../../arm-none-eabi/lib/thumb/v7e-m+fp/hard\libc_nano.a
LOAD C:/ST/STM32CubeIDE_1.13.1/STM32CubeIDE/plugins/com.st.stm32cube.ide.mcu.externaltools.gnu-tools-for-stm32.11.3.rel1.win32_1.1.0.202305231506/tools/bin/../lib/gcc/arm-none-eabi/11.3.1/../../../../arm-none-eabi/lib/thumb/v7e-m+fp/hard\libnosys.a
END GROUP
LOAD C:/ST/STM32CubeIDE_1.13.1/STM32CubeIDE/plugins/com.st.stm32cube.ide.mcu.externaltools.gnu-tools-for-stm32.11.3.rel1.win32_1.1.0.202305231506/tools/bin/../lib/gcc/arm-none-eabi/11.3.1/thumb/v7e-m+fp/hard/crtend.o
LOAD C:/ST/STM32CubeIDE_1.13.1/STM32CubeIDE/plugins/com.st.stm32cube.ide.mcu.externaltools.gnu-tools-for-stm32.11.3.rel1.win32_1.1.0.202305231506/tools/bin/../lib/gcc/arm-none-eabi/11.3.1/thumb/v7e-m+fp/hard/crtn.o
                0x0000000020020000                _estack = (ORIGIN (RAM) + LENGTH (RAM))
                0x0000000000000200                _Min_Heap_Size = 0x200
                0x0000000000000400                _Min_Stack_Size = 0x400

.isr_vector     0x0000000008000000      0x188
                0x0000000008000000                . = ALIGN (0x4)
 *(.isr_vector)
 .isr_vector    0x0000000008000000      0x188 ./Core/Startup/startup_stm32f407vgtx.o
                0x0000000008000000                g_pfnVectors
                0x0000000008000188                . = ALIGN (0x4)

.text           0x0000000008000188     0x436c
                0x0000000008000188                . = ALIGN (0x4)
 *(.text)
 .text          0x0000000008000188       0x40 C:/ST/STM32CubeIDE_1.13.1/STM32CubeIDE/plugins/com.st.stm32cube.ide.mcu.externaltools.gnu-tools-for-stm32.11.3.rel1.win32_1.1.0.202305231506/tools/bin/../lib/gcc/arm-none-eabi/11.3.1/thumb/v7e-m+fp/hard/crtbegin.o
 .text          0x00000000080001c8       0x30 C:/ST/STM32CubeIDE_1.13.1/STM32CubeIDE/plugins/com.st.stm32cube.ide.mcu.externaltools.gnu-tools-for-stm32.11.3.rel1.win32_1.1.0.202305231506/tools/bin/../lib/gcc/arm-none-eabi/11.3.1/thumb/v7e-m+fp/hard\libgcc.a(_aeabi_uldivmod.o)
                0x00000000080001c8                __aeabi_uldivmod
 .text          0x00000000080001f8      0x2c8 C:/ST/STM32CubeIDE_1.13.1/STM32CubeIDE/plugins/com.st.stm32cube.ide.mcu.externaltools.gnu-tools-for-stm32.11.3.rel1.win32_1.1.0.202305231506/tools/bin/../lib/gcc/arm-none-eabi/11.3.1/thumb/v7e-m+fp/hard\libgcc.a(_udivmoddi4.o)
                0x00000000080001f8                __udivmoddi4
 .text          0x00000000080004c0        0x4 C:/ST/STM32CubeIDE_1.13.1/STM32CubeIDE/plugins/com.st.stm32cube.ide.mcu.externaltools.gnu-tools-for-stm32.11.3.rel1.win32_1.1.0.202305231506/tools/bin/../lib/gcc/arm-none-eabi/11.3.1/thumb/v7e-m+fp/hard\libgcc.a(_dvmd_tls.o)
                0x00000000080004c0                __aeabi_idiv0
                0x00000000080004c0                __aeabi_ldiv0
 *(.text*)
 .text.LIS3DSH_ctor
                0x00000000080004c4       0xb8 ./Core/Src/LIS3DSH.o
                0x00000000080004c4                LIS3DSH_ctor
 .text.LIS3DSH_get_accel_xyz
                0x000000000800057c       0x3e ./Core/Src/LIS3DSH.o
                0x000000000800057c                LIS3DSH_get_accel_xyz
 .text.LIS3DSH_init_Handler
                0x00000000080005ba       0x18 ./Core/Src/LIS3DSH.o
 *fill*         0x00000000080005d2        0x2 
 .text.LIS3DSH_task_Handler
                0x00000000080005d4       0x68 ./Core/Src/LIS3DSH.o
 .text.LIS3DSH_initialising_Handler
                0x000000000800063c       0x6c ./Core/Src/LIS3DSH.o
 .text.LIS3DSH_init_stage0
                0x00000000080006a8       0x38 ./Core/Src/LIS3DSH.o
 .text.LIS3DSH_init_stage1
                0x00000000080006e0       0x2a ./Core/Src/LIS3DSH.o
 .text.LIS3DSH_init_stage2
                0x000000000800070a       0x66 ./Core/Src/LIS3DSH.o
 .text.LIS3DSH_idle_Handler
                0x0000000008000770       0x68 ./Core/Src/LIS3DSH.o
 .text.LIS3DSH_reading_Handler
                0x00000000080007d8       0xa8 ./Core/Src/LIS3DSH.o
 .text.LIS3DSH_fault_Handler
                0x0000000008000880       0x16 ./Core/Src/LIS3DSH.o
 .text.LIS3DSH_fault_enter
                0x0000000008000896       0x32 ./Core/Src/LIS3DSH.o
 .text.LIS3DSH_txrx_SPI
                0x00000000080008c8       0x62 ./Core/Src/LIS3DSH.o
 *fill*         0x000000000800092a        0x2 
 .text.Blinky_ctor
                0x000000000800092c       0x34 ./Core/Src/blinky.o
                0x000000000800092c                Blinky_ctor
 .text.Blinky_initHandler
                0x0000000008000960       0x20 ./Core/Src/blinky.o
 .text.Blinky_taskHandler
                0x0000000008000980       0xc0 ./Core/Src/blinky.o
 .text.__NVIC_EnableIRQ
                0x0000000008000a40       0x3c ./Core/Src/bsp.o
 .text.__NVIC_SystemReset
                0x0000000008000a7c       0x2c ./Core/Src/bsp.o
 .text.HASH_RNG_IRQHandler
                0x0000000008000aa8       0x14 ./Core/Src/bsp.o
                0x0000000008000aa8                HASH_RNG_IRQHandler
 .text.BSP_init_SPIManager_Task
                0x0000000008000abc       0x40 ./Core/Src/bsp.o
                0x0000000008000abc                BSP_init_SPIManager_Task
 .text.HAL_SPI_TxRxCpltCallback
                0x0000000008000afc       0x30 ./Core/Src/bsp.o
                0x0000000008000afc                HAL_SPI_TxRxCpltCallback
 .text.SPI1_IRQHandler
                0x0000000008000b2c       0x14 ./Core/Src/bsp.o
                0x0000000008000b2c                SPI1_IRQHandler
 .text.DCMI_IRQHandler
                0x0000000008000b40       0x14 ./Core/Src/bsp.o
                0x0000000008000b40                DCMI_IRQHandler
 .text.BSP_init_LIS3DSH_Task
                0x0000000008000b54       0x48 ./Core/Src/bsp.o
                0x0000000008000b54                BSP_init_LIS3DSH_Task
 .text.LIS3DSH_read
                0x0000000008000b9c       0x20 ./Core/Src/bsp.o
                0x0000000008000b9c                LIS3DSH_read
 .text.UNUSED_IRQHandler0
                0x0000000008000bbc       0x14 ./Core/Src/bsp.o
                0x0000000008000bbc                UNUSED_IRQHandler0
 .text.BSP_init_blinky_task
                0x0000000008000bd0       0x3c ./Core/Src/bsp.o
                0x0000000008000bd0                BSP_init_blinky_task
 .text.BSP_init
                0x0000000008000c0c       0x20 ./Core/Src/bsp.o
                0x0000000008000c0c                BSP_init
 .text.set_blue_LED_duty
                0x0000000008000c2c       0x20 ./Core/Src/bsp.o
                0x0000000008000c2c                set_blue_LED_duty
 .text.set_red_LED_duty
                0x0000000008000c4c       0x20 ./Core/Src/bsp.o
                0x0000000008000c4c                set_red_LED_duty
 .text.set_orange_LED_duty
                0x0000000008000c6c       0x20 ./Core/Src/bsp.o
                0x0000000008000c6c                set_orange_LED_duty
 .text.set_green_LED_duty
                0x0000000008000c8c       0x20 ./Core/Src/bsp.o
                0x0000000008000c8c                set_green_LED_duty
 .text.DBC_fault_handler
                0x0000000008000cac       0x16 ./Core/Src/bsp.o
                0x0000000008000cac                DBC_fault_handler
 *fill*         0x0000000008000cc2        0x2 
 .text.HAL_MspInit
                0x0000000008000cc4       0x50 ./Core/Src/bsp.o
                0x0000000008000cc4                HAL_MspInit
 .text.HAL_SPI_MspInit
                0x0000000008000d14       0xb0 ./Core/Src/bsp.o
                0x0000000008000d14                HAL_SPI_MspInit
 .text.SystemClock_Config
                0x0000000008000dc4       0xd4 ./Core/Src/bsp.o
                0x0000000008000dc4                SystemClock_Config
 .text.MX_SPI1_Init
                0x0000000008000e98       0x74 ./Core/Src/bsp.o
 .text.MX_GPIO_Init
                0x0000000008000f0c      0x25c ./Core/Src/bsp.o
 .text.Error_Handler
                0x0000000008001168        0xa ./Core/Src/bsp.o
                0x0000000008001168                Error_Handler
 .text.main     0x0000000008001172       0x1a ./Core/Src/main.o
                0x0000000008001172                main
 .text.SPIManager_ctor
                0x000000000800118c       0x64 ./Core/Src/spi_manager.o
                0x000000000800118c                SPIManager_ctor
 .text.SPIManager_post_txrx_Request
                0x00000000080011f0       0x3c ./Core/Src/spi_manager.o
                0x00000000080011f0                SPIManager_post_txrx_Request
 .text.SPIManager_init_Handler
                0x000000000800122c       0x16 ./Core/Src/spi_manager.o
 *fill*         0x0000000008001242        0x2 
 .text.SPIManager_task_Handler
                0x0000000008001244       0x50 ./Core/Src/spi_manager.o
 .text.SPIManager_start_txrx
                0x0000000008001294       0x80 ./Core/Src/spi_manager.o
                0x0000000008001294                SPIManager_start_txrx
 .text.SPIManager_txrx_complete_Handler
                0x0000000008001314       0x80 ./Core/Src/spi_manager.o
                0x0000000008001314                SPIManager_txrx_complete_Handler
 .text.SPIManager_txrx_Req_Handler
                0x0000000008001394       0x68 ./Core/Src/spi_manager.o
                0x0000000008001394                SPIManager_txrx_Req_Handler
 .text.SPIManager_Timeout_Handler
                0x00000000080013fc       0x60 ./Core/Src/spi_manager.o
                0x00000000080013fc                SPIManager_Timeout_Handler
 .text.SPIManager_enqueue_Job
                0x000000000800145c       0x50 ./Core/Src/spi_manager.o
                0x000000000800145c                SPIManager_enqueue_Job
 .text.SPIManager_dequeue_Job
                0x00000000080014ac       0x4c ./Core/Src/spi_manager.o
                0x00000000080014ac                SPIManager_dequeue_Job
 .text.SST_Task_run
                0x00000000080014f8       0x12 ./Core/Src/sst.o
                0x00000000080014f8                SST_Task_run
 .text.SST_Task_ctor
                0x000000000800150a       0x24 ./Core/Src/sst.o
                0x000000000800150a                SST_Task_ctor
 *fill*         0x000000000800152e        0x2 
 .text.SST_Task_start
                0x0000000008001530       0x70 ./Core/Src/sst.o
                0x0000000008001530                SST_Task_start
 .text.SST_Task_post
                0x00000000080015a0       0x74 ./Core/Src/sst.o
                0x00000000080015a0                SST_Task_post
 .text.SST_TimeEvt_ctor
                0x0000000008001614       0x44 ./Core/Src/sst.o
                0x0000000008001614                SST_TimeEvt_ctor
 .text.SST_TimeEvt_arm
                0x0000000008001658       0x2c ./Core/Src/sst.o
                0x0000000008001658                SST_TimeEvt_arm
 .text.SST_TimeEvt_disarm
                0x0000000008001684       0x34 ./Core/Src/sst.o
                0x0000000008001684                SST_TimeEvt_disarm
 .text.SST_TimeEvt_tick
                0x00000000080016b8       0x68 ./Core/Src/sst.o
                0x00000000080016b8                SST_TimeEvt_tick
 .text.SST_init
                0x0000000008001720       0x78 ./Core/Src/sst_port.o
                0x0000000008001720                SST_init
 .text.SST_start
                0x0000000008001798       0x34 ./Core/Src/sst_port.o
                0x0000000008001798                SST_start
 .text.SST_Task_setPrio
                0x00000000080017cc       0xf4 ./Core/Src/sst_port.o
                0x00000000080017cc                SST_Task_setPrio
 .text.SST_Task_activate
                0x00000000080018c0       0x80 ./Core/Src/sst_port.o
                0x00000000080018c0                SST_Task_activate
 .text.SST_Task_setIRQ
                0x0000000008001940       0x1e ./Core/Src/sst_port.o
                0x0000000008001940                SST_Task_setIRQ
 .text.SST_onIdle
                0x000000000800195e        0xe ./Core/Src/sst_port.o
                0x000000000800195e                SST_onIdle
 .text.SST_onStart
                0x000000000800196c        0xe ./Core/Src/sst_port.o
                0x000000000800196c                SST_onStart
 .text.NMI_Handler
                0x000000000800197a        0x6 ./Core/Src/stm32f4xx_it.o
                0x000000000800197a                NMI_Handler
 .text.HardFault_Handler
                0x0000000008001980        0x6 ./Core/Src/stm32f4xx_it.o
                0x0000000008001980                HardFault_Handler
 .text.MemManage_Handler
                0x0000000008001986        0x6 ./Core/Src/stm32f4xx_it.o
                0x0000000008001986                MemManage_Handler
 .text.BusFault_Handler
                0x000000000800198c        0x6 ./Core/Src/stm32f4xx_it.o
                0x000000000800198c                BusFault_Handler
 .text.UsageFault_Handler
                0x0000000008001992        0x6 ./Core/Src/stm32f4xx_it.o
                0x0000000008001992                UsageFault_Handler
 .text.SVC_Handler
                0x0000000008001998        0xe ./Core/Src/stm32f4xx_it.o
                0x0000000008001998                SVC_Handler
 .text.DebugMon_Handler
                0x00000000080019a6        0xe ./Core/Src/stm32f4xx_it.o
                0x00000000080019a6                DebugMon_Handler
 .text.PendSV_Handler
                0x00000000080019b4        0xe ./Core/Src/stm32f4xx_it.o
                0x00000000080019b4                PendSV_Handler
 .text.SysTick_Handler
                0x00000000080019c2       0x10 ./Core/Src/stm32f4xx_it.o
                0x00000000080019c2                SysTick_Handler
 *fill*         0x00000000080019d2        0x2 
 .text.SystemInit
                0x00000000080019d4       0x24 ./Core/Src/system_stm32f4xx.o
                0x00000000080019d4                SystemInit
 .text.MX_TIM4_Init
                0x00000000080019f8      0x130 ./Core/Src/tim.o
                0x00000000080019f8                MX_TIM4_Init
 .text.HAL_TIM_Base_MspInit
                0x0000000008001b28       0x44 ./Core/Src/tim.o
                0x0000000008001b28                HAL_TIM_Base_MspInit
 .text.HAL_TIM_MspPostInit
                0x0000000008001b6c       0x98 ./Core/Src/tim.o
                0x0000000008001b6c                HAL_TIM_MspPostInit
 .text.Reset_Handler
                0x0000000008001c04       0x50 ./Core/Startup/startup_stm32f407vgtx.o
                0x0000000008001c04                Reset_Handler
 .text.Default_Handler
                0x0000000008001c54        0x2 ./Core/Startup/startup_stm32f407vgtx.o
                0x0000000008001c54                RTC_Alarm_IRQHandler
                0x0000000008001c54                EXTI2_IRQHandler
                0x0000000008001c54                TIM8_CC_IRQHandler
                0x0000000008001c54                TIM1_CC_IRQHandler
                0x0000000008001c54                DMA2_Stream5_IRQHandler
                0x0000000008001c54                DMA1_Stream5_IRQHandler
                0x0000000008001c54                PVD_IRQHandler
                0x0000000008001c54                SDIO_IRQHandler
                0x0000000008001c54                TAMP_STAMP_IRQHandler
                0x0000000008001c54                CAN2_RX1_IRQHandler
                0x0000000008001c54                EXTI3_IRQHandler
                0x0000000008001c54                TIM8_TRG_COM_TIM14_IRQHandler
                0x0000000008001c54                TIM1_UP_TIM10_IRQHandler
                0x0000000008001c54                TIM8_UP_TIM13_IRQHandler
                0x0000000008001c54                I2C3_ER_IRQHandler
                0x0000000008001c54                EXTI0_IRQHandler
                0x0000000008001c54                I2C2_EV_IRQHandler
                0x0000000008001c54                DMA1_Stream2_IRQHandler
                0x0000000008001c54                CAN1_RX0_IRQHandler
                0x0000000008001c54                FPU_IRQHandler
                0x0000000008001c54                OTG_HS_WKUP_IRQHandler
                0x0000000008001c54                CAN2_SCE_IRQHandler
                0x0000000008001c54                DMA2_Stream2_IRQHandler
                0x0000000008001c54                TIM6_DAC_IRQHandler
                0x0000000008001c54                TIM1_BRK_TIM9_IRQHandler
                0x0000000008001c54                CAN2_RX0_IRQHandler
                0x0000000008001c54                DMA2_Stream3_IRQHandler
                0x0000000008001c54                USART6_IRQHandler
                0x0000000008001c54                USART3_IRQHandler
                0x0000000008001c54                CAN1_RX1_IRQHandler
                0x0000000008001c54                UART5_IRQHandler
                0x0000000008001c54                DMA2_Stream0_IRQHandler
                0x0000000008001c54                TIM4_IRQHandler
                0x0000000008001c54                I2C1_EV_IRQHandler
                0x0000000008001c54                DMA1_Stream6_IRQHandler
                0x0000000008001c54                DMA1_Stream1_IRQHandler
                0x0000000008001c54                UART4_IRQHandler
                0x0000000008001c54                TIM3_IRQHandler
                0x0000000008001c54                RCC_IRQHandler
                0x0000000008001c54                TIM8_BRK_TIM12_IRQHandler
                0x0000000008001c54                Default_Handler
                0x0000000008001c54                EXTI15_10_IRQHandler
                0x0000000008001c54                ADC_IRQHandler
                0x0000000008001c54                DMA1_Stream7_IRQHandler
                0x0000000008001c54                TIM7_IRQHandler
                0x0000000008001c54                CAN2_TX_IRQHandler
                0x0000000008001c54                TIM5_IRQHandler
                0x0000000008001c54                DMA2_Stream7_IRQHandler
                0x0000000008001c54                I2C3_EV_IRQHandler
                0x0000000008001c54                EXTI9_5_IRQHandler
                0x0000000008001c54                RTC_WKUP_IRQHandler
                0x0000000008001c54                ETH_WKUP_IRQHandler
                0x0000000008001c54                SPI2_IRQHandler
                0x0000000008001c54                OTG_HS_EP1_IN_IRQHandler
                0x0000000008001c54                DMA1_Stream0_IRQHandler
                0x0000000008001c54                CAN1_TX_IRQHandler
                0x0000000008001c54                EXTI4_IRQHandler
                0x0000000008001c54                FSMC_IRQHandler
                0x0000000008001c54                ETH_IRQHandler
                0x0000000008001c54                OTG_HS_EP1_OUT_IRQHandler
                0x0000000008001c54                WWDG_IRQHandler
                0x0000000008001c54                TIM2_IRQHandler
                0x0000000008001c54                OTG_FS_WKUP_IRQHandler
                0x0000000008001c54                TIM1_TRG_COM_TIM11_IRQHandler
                0x0000000008001c54                OTG_HS_IRQHandler
                0x0000000008001c54                EXTI1_IRQHandler
                0x0000000008001c54                USART2_IRQHandler
                0x0000000008001c54                I2C2_ER_IRQHandler
                0x0000000008001c54                DMA2_Stream1_IRQHandler
                0x0000000008001c54                CAN1_SCE_IRQHandler
                0x0000000008001c54                FLASH_IRQHandler
                0x0000000008001c54                DMA2_Stream4_IRQHandler
                0x0000000008001c54                USART1_IRQHandler
                0x0000000008001c54                OTG_FS_IRQHandler
                0x0000000008001c54                SPI3_IRQHandler
                0x0000000008001c54                DMA1_Stream4_IRQHandler
                0x0000000008001c54                I2C1_ER_IRQHandler
                0x0000000008001c54                DMA2_Stream6_IRQHandler
                0x0000000008001c54                DMA1_Stream3_IRQHandler
 *fill*         0x0000000008001c56        0x2 
 .text.HAL_Init
                0x0000000008001c58       0x44 ./Drivers/STM32F4xx_HAL_Driver/Src/stm32f4xx_hal.o
                0x0000000008001c58                HAL_Init
 .text.HAL_InitTick
                0x0000000008001c9c       0x60 ./Drivers/STM32F4xx_HAL_Driver/Src/stm32f4xx_hal.o
                0x0000000008001c9c                HAL_InitTick
 .text.HAL_IncTick
                0x0000000008001cfc       0x28 ./Drivers/STM32F4xx_HAL_Driver/Src/stm32f4xx_hal.o
                0x0000000008001cfc                HAL_IncTick
 .text.HAL_GetTick
                0x0000000008001d24       0x18 ./Drivers/STM32F4xx_HAL_Driver/Src/stm32f4xx_hal.o
                0x0000000008001d24                HAL_GetTick
 .text.__NVIC_SetPriorityGrouping
                0x0000000008001d3c       0x48 ./Drivers/STM32F4xx_HAL_Driver/Src/stm32f4xx_hal_cortex.o
 .text.__NVIC_GetPriorityGrouping
                0x0000000008001d84       0x1c ./Drivers/STM32F4xx_HAL_Driver/Src/stm32f4xx_hal_cortex.o
 .text.__NVIC_SetPriority
                0x0000000008001da0       0x54 ./Drivers/STM32F4xx_HAL_Driver/Src/stm32f4xx_hal_cortex.o
 .text.NVIC_EncodePriority
                0x0000000008001df4       0x66 ./Drivers/STM32F4xx_HAL_Driver/Src/stm32f4xx_hal_cortex.o
 *fill*         0x0000000008001e5a        0x2 
 .text.SysTick_Config
                0x0000000008001e5c       0x44 ./Drivers/STM32F4xx_HAL_Driver/Src/stm32f4xx_hal_cortex.o
 .text.HAL_NVIC_SetPriorityGrouping
                0x0000000008001ea0       0x16 ./Drivers/STM32F4xx_HAL_Driver/Src/stm32f4xx_hal_cortex.o
                0x0000000008001ea0                HAL_NVIC_SetPriorityGrouping
 .text.HAL_NVIC_SetPriority
                0x0000000008001eb6       0x38 ./Drivers/STM32F4xx_HAL_Driver/Src/stm32f4xx_hal_cortex.o
                0x0000000008001eb6                HAL_NVIC_SetPriority
 .text.HAL_SYSTICK_Config
                0x0000000008001eee       0x18 ./Drivers/STM32F4xx_HAL_Driver/Src/stm32f4xx_hal_cortex.o
                0x0000000008001eee                HAL_SYSTICK_Config
 .text.HAL_DMA_Abort
                0x0000000008001f06       0xe0 ./Drivers/STM32F4xx_HAL_Driver/Src/stm32f4xx_hal_dma.o
                0x0000000008001f06                HAL_DMA_Abort
 .text.HAL_DMA_Abort_IT
                0x0000000008001fe6       0x44 ./Drivers/STM32F4xx_HAL_Driver/Src/stm32f4xx_hal_dma.o
                0x0000000008001fe6                HAL_DMA_Abort_IT
 *fill*         0x000000000800202a        0x2 
 .text.HAL_GPIO_Init
                0x000000000800202c      0x338 ./Drivers/STM32F4xx_HAL_Driver/Src/stm32f4xx_hal_gpio.o
                0x000000000800202c                HAL_GPIO_Init
 .text.HAL_GPIO_WritePin
                0x0000000008002364       0x32 ./Drivers/STM32F4xx_HAL_Driver/Src/stm32f4xx_hal_gpio.o
                0x0000000008002364                HAL_GPIO_WritePin
 *fill*         0x0000000008002396        0x2 
 .text.HAL_RCC_OscConfig
                0x0000000008002398      0x4f0 ./Drivers/STM32F4xx_HAL_Driver/Src/stm32f4xx_hal_rcc.o
                0x0000000008002398                HAL_RCC_OscConfig
 .text.HAL_RCC_ClockConfig
                0x0000000008002888      0x1cc ./Drivers/STM32F4xx_HAL_Driver/Src/stm32f4xx_hal_rcc.o
                0x0000000008002888                HAL_RCC_ClockConfig
 .text.HAL_RCC_GetSysClockFreq
                0x0000000008002a54      0x20c ./Drivers/STM32F4xx_HAL_Driver/Src/stm32f4xx_hal_rcc.o
                0x0000000008002a54                HAL_RCC_GetSysClockFreq
 .text.HAL_SPI_Init
                0x0000000008002c60      0x112 ./Drivers/STM32F4xx_HAL_Driver/Src/stm32f4xx_hal_spi.o
                0x0000000008002c60                HAL_SPI_Init
 *fill*         0x0000000008002d72        0x2 
 .text.HAL_SPI_TransmitReceive_IT
                0x0000000008002d74      0x128 ./Drivers/STM32F4xx_HAL_Driver/Src/stm32f4xx_hal_spi.o
                0x0000000008002d74                HAL_SPI_TransmitReceive_IT
 .text.HAL_SPI_Abort
                0x0000000008002e9c      0x1d8 ./Drivers/STM32F4xx_HAL_Driver/Src/stm32f4xx_hal_spi.o
                0x0000000008002e9c                HAL_SPI_Abort
 .text.HAL_SPI_IRQHandler
                0x0000000008003074      0x1e8 ./Drivers/STM32F4xx_HAL_Driver/Src/stm32f4xx_hal_spi.o
                0x0000000008003074                HAL_SPI_IRQHandler
 .text.HAL_SPI_RxCpltCallback
                0x000000000800325c       0x14 ./Drivers/STM32F4xx_HAL_Driver/Src/stm32f4xx_hal_spi.o
                0x000000000800325c                HAL_SPI_RxCpltCallback
 .text.HAL_SPI_ErrorCallback
                0x0000000008003270       0x14 ./Drivers/STM32F4xx_HAL_Driver/Src/stm32f4xx_hal_spi.o
                0x0000000008003270                HAL_SPI_ErrorCallback
 .text.SPI_DMAAbortOnError
                0x0000000008003284       0x28 ./Drivers/STM32F4xx_HAL_Driver/Src/stm32f4xx_hal_spi.o
 .text.SPI_2linesRxISR_8BIT
                0x00000000080032ac       0x64 ./Drivers/STM32F4xx_HAL_Driver/Src/stm32f4xx_hal_spi.o
 .text.SPI_2linesTxISR_8BIT
                0x0000000008003310       0x60 ./Drivers/STM32F4xx_HAL_Driver/Src/stm32f4xx_hal_spi.o
 .text.SPI_2linesRxISR_16BIT
                0x0000000008003370       0x60 ./Drivers/STM32F4xx_HAL_Driver/Src/stm32f4xx_hal_spi.o
 .text.SPI_2linesTxISR_16BIT
                0x00000000080033d0       0x5e ./Drivers/STM32F4xx_HAL_Driver/Src/stm32f4xx_hal_spi.o
 *fill*         0x000000000800342e        0x2 
 .text.SPI_WaitFlagStateUntilTimeout
                0x0000000008003430      0x110 ./Drivers/STM32F4xx_HAL_Driver/Src/stm32f4xx_hal_spi.o
 .text.SPI_EndRxTxTransaction
                0x0000000008003540       0x84 ./Drivers/STM32F4xx_HAL_Driver/Src/stm32f4xx_hal_spi.o
 .text.SPI_CloseRxTx_ISR
                0x00000000080035c4       0xe8 ./Drivers/STM32F4xx_HAL_Driver/Src/stm32f4xx_hal_spi.o
 .text.SPI_AbortRx_ISR
                0x00000000080036ac       0x90 ./Drivers/STM32F4xx_HAL_Driver/Src/stm32f4xx_hal_spi.o
 .text.SPI_AbortTx_ISR
                0x000000000800373c       0x3c ./Drivers/STM32F4xx_HAL_Driver/Src/stm32f4xx_hal_spi.o
 .text.HAL_TIM_Base_Init
                0x0000000008003778       0x9e ./Drivers/STM32F4xx_HAL_Driver/Src/stm32f4xx_hal_tim.o
                0x0000000008003778                HAL_TIM_Base_Init
 .text.HAL_TIM_PWM_Init
                0x0000000008003816       0x9e ./Drivers/STM32F4xx_HAL_Driver/Src/stm32f4xx_hal_tim.o
                0x0000000008003816                HAL_TIM_PWM_Init
 .text.HAL_TIM_PWM_MspInit
                0x00000000080038b4       0x14 ./Drivers/STM32F4xx_HAL_Driver/Src/stm32f4xx_hal_tim.o
                0x00000000080038b4                HAL_TIM_PWM_MspInit
 .text.HAL_TIM_PWM_Start
                0x00000000080038c8      0x190 ./Drivers/STM32F4xx_HAL_Driver/Src/stm32f4xx_hal_tim.o
                0x00000000080038c8                HAL_TIM_PWM_Start
 .text.HAL_TIM_PWM_ConfigChannel
                0x0000000008003a58      0x184 ./Drivers/STM32F4xx_HAL_Driver/Src/stm32f4xx_hal_tim.o
                0x0000000008003a58                HAL_TIM_PWM_ConfigChannel
 .text.HAL_TIM_ConfigClockSource
                0x0000000008003bdc      0x18e ./Drivers/STM32F4xx_HAL_Driver/Src/stm32f4xx_hal_tim.o
                0x0000000008003bdc                HAL_TIM_ConfigClockSource
 *fill*         0x0000000008003d6a        0x2 
 .text.TIM_Base_SetConfig
                0x0000000008003d6c      0x140 ./Drivers/STM32F4xx_HAL_Driver/Src/stm32f4xx_hal_tim.o
                0x0000000008003d6c                TIM_Base_SetConfig
 .text.TIM_OC1_SetConfig
                0x0000000008003eac       0xe0 ./Drivers/STM32F4xx_HAL_Driver/Src/stm32f4xx_hal_tim.o
 .text.TIM_OC2_SetConfig
                0x0000000008003f8c       0xec ./Drivers/STM32F4xx_HAL_Driver/Src/stm32f4xx_hal_tim.o
                0x0000000008003f8c                TIM_OC2_SetConfig
 .text.TIM_OC3_SetConfig
                0x0000000008004078       0xe8 ./Drivers/STM32F4xx_HAL_Driver/Src/stm32f4xx_hal_tim.o
 .text.TIM_OC4_SetConfig
                0x0000000008004160       0xac ./Drivers/STM32F4xx_HAL_Driver/Src/stm32f4xx_hal_tim.o
 .text.TIM_TI1_ConfigInputStage
                0x000000000800420c       0x5e ./Drivers/STM32F4xx_HAL_Driver/Src/stm32f4xx_hal_tim.o
 .text.TIM_TI2_ConfigInputStage
                0x000000000800426a       0x60 ./Drivers/STM32F4xx_HAL_Driver/Src/stm32f4xx_hal_tim.o
 .text.TIM_ITRx_SetConfig
                0x00000000080042ca       0x36 ./Drivers/STM32F4xx_HAL_Driver/Src/stm32f4xx_hal_tim.o
 .text.TIM_ETR_SetConfig
                0x0000000008004300       0x40 ./Drivers/STM32F4xx_HAL_Driver/Src/stm32f4xx_hal_tim.o
                0x0000000008004300                TIM_ETR_SetConfig
 .text.TIM_CCxChannelCmd
                0x0000000008004340       0x4a ./Drivers/STM32F4xx_HAL_Driver/Src/stm32f4xx_hal_tim.o
                0x0000000008004340                TIM_CCxChannelCmd
 *fill*         0x000000000800438a        0x2 
 .text.HAL_TIMEx_MasterConfigSynchronization
                0x000000000800438c       0xf8 ./Drivers/STM32F4xx_HAL_Driver/Src/stm32f4xx_hal_tim_ex.o
                0x000000000800438c                HAL_TIMEx_MasterConfigSynchronization
 .text.memset   0x0000000008004484       0x10 C:/ST/STM32CubeIDE_1.13.1/STM32CubeIDE/plugins/com.st.stm32cube.ide.mcu.externaltools.gnu-tools-for-stm32.11.3.rel1.win32_1.1.0.202305231506/tools/bin/../lib/gcc/arm-none-eabi/11.3.1/../../../../arm-none-eabi/lib/thumb/v7e-m+fp/hard\libc_nano.a(libc_a-memset.o)
                0x0000000008004484                memset
 .text.__libc_init_array
                0x0000000008004494       0x48 C:/ST/STM32CubeIDE_1.13.1/STM32CubeIDE/plugins/com.st.stm32cube.ide.mcu.externaltools.gnu-tools-for-stm32.11.3.rel1.win32_1.1.0.202305231506/tools/bin/../lib/gcc/arm-none-eabi/11.3.1/../../../../arm-none-eabi/lib/thumb/v7e-m+fp/hard\libc_nano.a(libc_a-init.o)
                0x0000000008004494                __libc_init_array
 *(.glue_7)
 .glue_7        0x00000000080044dc        0x0 linker stubs
 *(.glue_7t)
 .glue_7t       0x00000000080044dc        0x0 linker stubs
 *(.eh_frame)
 .eh_frame      0x00000000080044dc        0x0 C:/ST/STM32CubeIDE_1.13.1/STM32CubeIDE/plugins/com.st.stm32cube.ide.mcu.externaltools.gnu-tools-for-stm32.11.3.rel1.win32_1.1.0.202305231506/tools/bin/../lib/gcc/arm-none-eabi/11.3.1/thumb/v7e-m+fp/hard/crtbegin.o
 *(.init)
 .init          0x00000000080044dc        0x4 C:/ST/STM32CubeIDE_1.13.1/STM32CubeIDE/plugins/com.st.stm32cube.ide.mcu.externaltools.gnu-tools-for-stm32.11.3.rel1.win32_1.1.0.202305231506/tools/bin/../lib/gcc/arm-none-eabi/11.3.1/thumb/v7e-m+fp/hard/crti.o
                0x00000000080044dc                _init
 .init          0x00000000080044e0        0x8 C:/ST/STM32CubeIDE_1.13.1/STM32CubeIDE/plugins/com.st.stm32cube.ide.mcu.externaltools.gnu-tools-for-stm32.11.3.rel1.win32_1.1.0.202305231506/tools/bin/../lib/gcc/arm-none-eabi/11.3.1/thumb/v7e-m+fp/hard/crtn.o
 *(.fini)
 .fini          0x00000000080044e8        0x4 C:/ST/STM32CubeIDE_1.13.1/STM32CubeIDE/plugins/com.st.stm32cube.ide.mcu.externaltools.gnu-tools-for-stm32.11.3.rel1.win32_1.1.0.202305231506/tools/bin/../lib/gcc/arm-none-eabi/11.3.1/thumb/v7e-m+fp/hard/crti.o
                0x00000000080044e8                _fini
 .fini          0x00000000080044ec        0x8 C:/ST/STM32CubeIDE_1.13.1/STM32CubeIDE/plugins/com.st.stm32cube.ide.mcu.externaltools.gnu-tools-for-stm32.11.3.rel1.win32_1.1.0.202305231506/tools/bin/../lib/gcc/arm-none-eabi/11.3.1/thumb/v7e-m+fp/hard/crtn.o
                0x00000000080044f4                . = ALIGN (0x4)
                0x00000000080044f4                _etext = .

.vfp11_veneer   0x00000000080044f4        0x0
 .vfp11_veneer  0x00000000080044f4        0x0 linker stubs

.v4_bx          0x00000000080044f4        0x0
 .v4_bx         0x00000000080044f4        0x0 linker stubs

.iplt           0x00000000080044f4        0x0
 .iplt          0x00000000080044f4        0x0 C:/ST/STM32CubeIDE_1.13.1/STM32CubeIDE/plugins/com.st.stm32cube.ide.mcu.externaltools.gnu-tools-for-stm32.11.3.rel1.win32_1.1.0.202305231506/tools/bin/../lib/gcc/arm-none-eabi/11.3.1/thumb/v7e-m+fp/hard/crtbegin.o

.rodata         0x00000000080044f4       0x44
                0x00000000080044f4                . = ALIGN (0x4)
 *(.rodata)
 *(.rodata*)
 .rodata.DBC_module_name_
                0x00000000080044f4        0x8 ./Core/Src/LIS3DSH.o
 .rodata.DBC_module_name_
                0x00000000080044fc        0x7 ./Core/Src/blinky.o
 *fill*         0x0000000008004503        0x1 
 .rodata.TxxRxCompleteEventSignal
                0x0000000008004504        0x2 ./Core/Src/bsp.o
 *fill*         0x0000000008004506        0x2 
 .rodata.DBC_module_name_
                0x0000000008004508        0x8 ./Core/Src/spi_manager.o
 .rodata.TxxRxCompleteEventSignal
                0x0000000008004510        0x2 ./Core/Src/spi_manager.o
 *fill*         0x0000000008004512        0x2 
 .rodata.txTimeoutEventSignal
                0x0000000008004514        0x2 ./Core/Src/spi_manager.o
 *fill*         0x0000000008004516        0x2 
 .rodata.DBC_module_name_
                0x0000000008004518        0x4 ./Core/Src/sst.o
 .rodata.DBC_module_name_
                0x000000000800451c        0x9 ./Core/Src/sst_port.o
 *fill*         0x0000000008004525        0x3 
 .rodata.AHBPrescTable
                0x0000000008004528       0x10 ./Core/Src/system_stm32f4xx.o
                0x0000000008004528                AHBPrescTable
                0x0000000008004538                . = ALIGN (0x4)

.ARM.extab      0x0000000008004538        0x0
                0x0000000008004538                . = ALIGN (0x4)
 *(.ARM.extab* .gnu.linkonce.armextab.*)
                0x0000000008004538                . = ALIGN (0x4)

.ARM            0x0000000008004538        0x8
                0x0000000008004538                . = ALIGN (0x4)
                0x0000000008004538                __exidx_start = .
 *(.ARM.exidx*)
 .ARM.exidx     0x0000000008004538        0x8 C:/ST/STM32CubeIDE_1.13.1/STM32CubeIDE/plugins/com.st.stm32cube.ide.mcu.externaltools.gnu-tools-for-stm32.11.3.rel1.win32_1.1.0.202305231506/tools/bin/../lib/gcc/arm-none-eabi/11.3.1/thumb/v7e-m+fp/hard\libgcc.a(_udivmoddi4.o)
                0x0000000008004540                __exidx_end = .
                0x0000000008004540                . = ALIGN (0x4)

.rel.dyn        0x0000000008004540        0x0
 .rel.iplt      0x0000000008004540        0x0 C:/ST/STM32CubeIDE_1.13.1/STM32CubeIDE/plugins/com.st.stm32cube.ide.mcu.externaltools.gnu-tools-for-stm32.11.3.rel1.win32_1.1.0.202305231506/tools/bin/../lib/gcc/arm-none-eabi/11.3.1/thumb/v7e-m+fp/hard/crtbegin.o

.preinit_array  0x0000000008004540        0x0
                0x0000000008004540                . = ALIGN (0x4)
                0x0000000008004540                PROVIDE (__preinit_array_start = .)
 *(.preinit_array*)
                0x0000000008004540                PROVIDE (__preinit_array_end = .)
                0x0000000008004540                . = ALIGN (0x4)

.init_array     0x0000000008004540        0x4
                0x0000000008004540                . = ALIGN (0x4)
                0x0000000008004540                PROVIDE (__init_array_start = .)
 *(SORT_BY_NAME(.init_array.*))
 *(.init_array*)
 .init_array    0x0000000008004540        0x4 C:/ST/STM32CubeIDE_1.13.1/STM32CubeIDE/plugins/com.st.stm32cube.ide.mcu.externaltools.gnu-tools-for-stm32.11.3.rel1.win32_1.1.0.202305231506/tools/bin/../lib/gcc/arm-none-eabi/11.3.1/thumb/v7e-m+fp/hard/crtbegin.o
                0x0000000008004544                PROVIDE (__init_array_end = .)
                0x0000000008004544                . = ALIGN (0x4)

.fini_array     0x0000000008004544        0x4
                0x0000000008004544                . = ALIGN (0x4)
                [!provide]                        PROVIDE (__fini_array_start = .)
 *(SORT_BY_NAME(.fini_array.*))
 *(.fini_array*)
 .fini_array    0x0000000008004544        0x4 C:/ST/STM32CubeIDE_1.13.1/STM32CubeIDE/plugins/com.st.stm32cube.ide.mcu.externaltools.gnu-tools-for-stm32.11.3.rel1.win32_1.1.0.202305231506/tools/bin/../lib/gcc/arm-none-eabi/11.3.1/thumb/v7e-m+fp/hard/crtbegin.o
                [!provide]                        PROVIDE (__fini_array_end = .)
                0x0000000008004548                . = ALIGN (0x4)
                0x0000000008004548                _sidata = LOADADDR (.data)

.data           0x0000000020000000        0xc load address 0x0000000008004548
                0x0000000020000000                . = ALIGN (0x4)
                0x0000000020000000                _sdata = .
 *(.data)
 *(.data*)
 .data.SystemCoreClock
                0x0000000020000000        0x4 ./Core/Src/system_stm32f4xx.o
                0x0000000020000000                SystemCoreClock
 .data.uwTickPrio
                0x0000000020000004        0x4 ./Drivers/STM32F4xx_HAL_Driver/Src/stm32f4xx_hal.o
                0x0000000020000004                uwTickPrio
 .data.uwTickFreq
                0x0000000020000008        0x1 ./Drivers/STM32F4xx_HAL_Driver/Src/stm32f4xx_hal.o
                0x0000000020000008                uwTickFreq
 *(.RamFunc)
 *(.RamFunc*)
                0x000000002000000c                . = ALIGN (0x4)
 *fill*         0x0000000020000009        0x3 
                0x000000002000000c                _edata = .
                0x0000000008004554                _siccmram = LOADADDR (.ccmram)

.igot.plt       0x000000002000000c        0x0 load address 0x0000000008004554
 .igot.plt      0x000000002000000c        0x0 C:/ST/STM32CubeIDE_1.13.1/STM32CubeIDE/plugins/com.st.stm32cube.ide.mcu.externaltools.gnu-tools-for-stm32.11.3.rel1.win32_1.1.0.202305231506/tools/bin/../lib/gcc/arm-none-eabi/11.3.1/thumb/v7e-m+fp/hard/crtbegin.o

.ccmram         0x0000000010000000        0x0 load address 0x0000000008004554
                0x0000000010000000                . = ALIGN (0x4)
                0x0000000010000000                _sccmram = .
 *(.ccmram)
 *(.ccmram*)
                0x0000000010000000                . = ALIGN (0x4)
                0x0000000010000000                _eccmram = .
                0x0000000010000000                . = ALIGN (0x4)

.bss            0x000000002000000c      0x240
                0x000000002000000c                _sbss = .
                0x000000002000000c                __bss_start__ = _sbss
 *(.bss)
 .bss           0x000000002000000c       0x1c C:/ST/STM32CubeIDE_1.13.1/STM32CubeIDE/plugins/com.st.stm32cube.ide.mcu.externaltools.gnu-tools-for-stm32.11.3.rel1.win32_1.1.0.202305231506/tools/bin/../lib/gcc/arm-none-eabi/11.3.1/thumb/v7e-m+fp/hard/crtbegin.o
 *(.bss*)
 .bss.hspi1     0x0000000020000028       0x58 ./Core/Src/bsp.o
                0x0000000020000028                hspi1
 .bss.SpiMgrInstance
                0x0000000020000080       0x7c ./Core/Src/bsp.o
 .bss.spiMsgQueue
                0x00000000200000fc       0x28 ./Core/Src/bsp.o
 .bss.LIS3DSHInstance
                0x0000000020000124       0x7c ./Core/Src/bsp.o
 .bss.LIS3DSHMsgQueue
                0x00000000200001a0        0x8 ./Core/Src/bsp.o
 .bss.BlinkyInstance
                0x00000000200001a8       0x28 ./Core/Src/bsp.o
 .bss.blinkyMsgQueue
                0x00000000200001d0       0x28 ./Core/Src/bsp.o
 .bss.timeEvt_head
                0x00000000200001f8        0x4 ./Core/Src/sst.o
 .bss.nvic_prio_shift
                0x00000000200001fc        0x4 ./Core/Src/sst_port.o
 .bss.htim4     0x0000000020000200       0x48 ./Core/Src/tim.o
                0x0000000020000200                htim4
 .bss.uwTick    0x0000000020000248        0x4 ./Drivers/STM32F4xx_HAL_Driver/Src/stm32f4xx_hal.o
                0x0000000020000248                uwTick
 *(COMMON)
                0x000000002000024c                . = ALIGN (0x4)
                0x000000002000024c                _ebss = .
                0x000000002000024c                __bss_end__ = _ebss

._user_heap_stack
                0x000000002000024c      0x604
                0x0000000020000250                . = ALIGN (0x8)
 *fill*         0x000000002000024c        0x4 
                0x0000000020000250                PROVIDE (end = .)
                [!provide]                        PROVIDE (_end = .)
                0x0000000020000450                . = (. + _Min_Heap_Size)
 *fill*         0x0000000020000250      0x200 
                0x0000000020000850                . = (. + _Min_Stack_Size)
 *fill*         0x0000000020000450      0x400 
                0x0000000020000850                . = ALIGN (0x8)

/DISCARD/
 libc.a(*)
 libm.a(*)
 libgcc.a(*)

.ARM.attributes
                0x0000000000000000       0x30
 *(.ARM.attributes)
 .ARM.attributes
                0x0000000000000000       0x1e C:/ST/STM32CubeIDE_1.13.1/STM32CubeIDE/plugins/com.st.stm32cube.ide.mcu.externaltools.gnu-tools-for-stm32.11.3.rel1.win32_1.1.0.202305231506/tools/bin/../lib/gcc/arm-none-eabi/11.3.1/thumb/v7e-m+fp/hard/crti.o
 .ARM.attributes
                0x000000000000001e       0x34 C:/ST/STM32CubeIDE_1.13.1/STM32CubeIDE/plugins/com.st.stm32cube.ide.mcu.externaltools.gnu-tools-for-stm32.11.3.rel1.win32_1.1.0.202305231506/tools/bin/../lib/gcc/arm-none-eabi/11.3.1/thumb/v7e-m+fp/hard/crtbegin.o
 .ARM.attributes
                0x0000000000000052       0x34 ./Core/Src/LIS3DSH.o
 .ARM.attributes
                0x0000000000000086       0x34 ./Core/Src/blinky.o
 .ARM.attributes
                0x00000000000000ba       0x34 ./Core/Src/bsp.o
 .ARM.attributes
                0x00000000000000ee       0x34 ./Core/Src/main.o
 .ARM.attributes
                0x0000000000000122       0x34 ./Core/Src/spi_manager.o
 .ARM.attributes
                0x0000000000000156       0x34 ./Core/Src/sst.o
 .ARM.attributes
                0x000000000000018a       0x34 ./Core/Src/sst_port.o
 .ARM.attributes
                0x00000000000001be       0x34 ./Core/Src/stm32f4xx_it.o
 .ARM.attributes
                0x00000000000001f2       0x34 ./Core/Src/system_stm32f4xx.o
 .ARM.attributes
                0x0000000000000226       0x34 ./Core/Src/tim.o
 .ARM.attributes
                0x000000000000025a       0x21 ./Core/Startup/startup_stm32f407vgtx.o
 .ARM.attributes
                0x000000000000027b       0x34 ./Drivers/STM32F4xx_HAL_Driver/Src/stm32f4xx_hal.o
 .ARM.attributes
                0x00000000000002af       0x34 ./Drivers/STM32F4xx_HAL_Driver/Src/stm32f4xx_hal_cortex.o
 .ARM.attributes
                0x00000000000002e3       0x34 ./Drivers/STM32F4xx_HAL_Driver/Src/stm32f4xx_hal_dma.o
 .ARM.attributes
                0x0000000000000317       0x34 ./Drivers/STM32F4xx_HAL_Driver/Src/stm32f4xx_hal_gpio.o
 .ARM.attributes
                0x000000000000034b       0x34 ./Drivers/STM32F4xx_HAL_Driver/Src/stm32f4xx_hal_rcc.o
 .ARM.attributes
                0x000000000000037f       0x34 ./Drivers/STM32F4xx_HAL_Driver/Src/stm32f4xx_hal_spi.o
 .ARM.attributes
                0x00000000000003b3       0x34 ./Drivers/STM32F4xx_HAL_Driver/Src/stm32f4xx_hal_tim.o
 .ARM.attributes
                0x00000000000003e7       0x34 ./Drivers/STM32F4xx_HAL_Driver/Src/stm32f4xx_hal_tim_ex.o
 .ARM.attributes
                0x000000000000041b       0x34 C:/ST/STM32CubeIDE_1.13.1/STM32CubeIDE/plugins/com.st.stm32cube.ide.mcu.externaltools.gnu-tools-for-stm32.11.3.rel1.win32_1.1.0.202305231506/tools/bin/../lib/gcc/arm-none-eabi/11.3.1/../../../../arm-none-eabi/lib/thumb/v7e-m+fp/hard\libc_nano.a(libc_a-memset.o)
 .ARM.attributes
                0x000000000000044f       0x34 C:/ST/STM32CubeIDE_1.13.1/STM32CubeIDE/plugins/com.st.stm32cube.ide.mcu.externaltools.gnu-tools-for-stm32.11.3.rel1.win32_1.1.0.202305231506/tools/bin/../lib/gcc/arm-none-eabi/11.3.1/../../../../arm-none-eabi/lib/thumb/v7e-m+fp/hard\libc_nano.a(libc_a-init.o)
 .ARM.attributes
                0x0000000000000483       0x1e C:/ST/STM32CubeIDE_1.13.1/STM32CubeIDE/plugins/com.st.stm32cube.ide.mcu.externaltools.gnu-tools-for-stm32.11.3.rel1.win32_1.1.0.202305231506/tools/bin/../lib/gcc/arm-none-eabi/11.3.1/thumb/v7e-m+fp/hard\libgcc.a(_aeabi_uldivmod.o)
 .ARM.attributes
                0x00000000000004a1       0x34 C:/ST/STM32CubeIDE_1.13.1/STM32CubeIDE/plugins/com.st.stm32cube.ide.mcu.externaltools.gnu-tools-for-stm32.11.3.rel1.win32_1.1.0.202305231506/tools/bin/../lib/gcc/arm-none-eabi/11.3.1/thumb/v7e-m+fp/hard\libgcc.a(_udivmoddi4.o)
 .ARM.attributes
                0x00000000000004d5       0x1e C:/ST/STM32CubeIDE_1.13.1/STM32CubeIDE/plugins/com.st.stm32cube.ide.mcu.externaltools.gnu-tools-for-stm32.11.3.rel1.win32_1.1.0.202305231506/tools/bin/../lib/gcc/arm-none-eabi/11.3.1/thumb/v7e-m+fp/hard\libgcc.a(_dvmd_tls.o)
 .ARM.attributes
                0x00000000000004f3       0x1e C:/ST/STM32CubeIDE_1.13.1/STM32CubeIDE/plugins/com.st.stm32cube.ide.mcu.externaltools.gnu-tools-for-stm32.11.3.rel1.win32_1.1.0.202305231506/tools/bin/../lib/gcc/arm-none-eabi/11.3.1/thumb/v7e-m+fp/hard/crtn.o
OUTPUT(STM32_SST.elf elf32-littlearm)
LOAD linker stubs
LOAD C:/ST/STM32CubeIDE_1.13.1/STM32CubeIDE/plugins/com.st.stm32cube.ide.mcu.externaltools.gnu-tools-for-stm32.11.3.rel1.win32_1.1.0.202305231506/tools/bin/../lib/gcc/arm-none-eabi/11.3.1/../../../../arm-none-eabi/lib/thumb/v7e-m+fp/hard\libc.a
LOAD C:/ST/STM32CubeIDE_1.13.1/STM32CubeIDE/plugins/com.st.stm32cube.ide.mcu.externaltools.gnu-tools-for-stm32.11.3.rel1.win32_1.1.0.202305231506/tools/bin/../lib/gcc/arm-none-eabi/11.3.1/../../../../arm-none-eabi/lib/thumb/v7e-m+fp/hard\libm.a
LOAD C:/ST/STM32CubeIDE_1.13.1/STM32CubeIDE/plugins/com.st.stm32cube.ide.mcu.externaltools.gnu-tools-for-stm32.11.3.rel1.win32_1.1.0.202305231506/tools/bin/../lib/gcc/arm-none-eabi/11.3.1/thumb/v7e-m+fp/hard\libgcc.a

.comment        0x0000000000000000       0x43
 .comment       0x0000000000000000       0x43 C:/ST/STM32CubeIDE_1.13.1/STM32CubeIDE/plugins/com.st.stm32cube.ide.mcu.externaltools.gnu-tools-for-stm32.11.3.rel1.win32_1.1.0.202305231506/tools/bin/../lib/gcc/arm-none-eabi/11.3.1/thumb/v7e-m+fp/hard/crtbegin.o
                                         0x44 (size before relaxing)
 .comment       0x0000000000000043       0x44 ./Core/Src/LIS3DSH.o
 .comment       0x0000000000000043       0x44 ./Core/Src/blinky.o
 .comment       0x0000000000000043       0x44 ./Core/Src/bsp.o
 .comment       0x0000000000000043       0x44 ./Core/Src/main.o
 .comment       0x0000000000000043       0x44 ./Core/Src/spi_manager.o
 .comment       0x0000000000000043       0x44 ./Core/Src/sst.o
 .comment       0x0000000000000043       0x44 ./Core/Src/sst_port.o
 .comment       0x0000000000000043       0x44 ./Core/Src/stm32f4xx_it.o
 .comment       0x0000000000000043       0x44 ./Core/Src/system_stm32f4xx.o
 .comment       0x0000000000000043       0x44 ./Core/Src/tim.o
 .comment       0x0000000000000043       0x44 ./Drivers/STM32F4xx_HAL_Driver/Src/stm32f4xx_hal.o
 .comment       0x0000000000000043       0x44 ./Drivers/STM32F4xx_HAL_Driver/Src/stm32f4xx_hal_cortex.o
 .comment       0x0000000000000043       0x44 ./Drivers/STM32F4xx_HAL_Driver/Src/stm32f4xx_hal_dma.o
 .comment       0x0000000000000043       0x44 ./Drivers/STM32F4xx_HAL_Driver/Src/stm32f4xx_hal_gpio.o
 .comment       0x0000000000000043       0x44 ./Drivers/STM32F4xx_HAL_Driver/Src/stm32f4xx_hal_rcc.o
 .comment       0x0000000000000043       0x44 ./Drivers/STM32F4xx_HAL_Driver/Src/stm32f4xx_hal_spi.o
 .comment       0x0000000000000043       0x44 ./Drivers/STM32F4xx_HAL_Driver/Src/stm32f4xx_hal_tim.o
 .comment       0x0000000000000043       0x44 ./Drivers/STM32F4xx_HAL_Driver/Src/stm32f4xx_hal_tim_ex.o

.debug_info     0x0000000000000000     0xd5f1
 .debug_info    0x0000000000000000      0x924 ./Core/Src/LIS3DSH.o
 .debug_info    0x0000000000000924      0x4dd ./Core/Src/blinky.o
 .debug_info    0x0000000000000e01     0x1c17 ./Core/Src/bsp.o
 .debug_info    0x0000000000002a18       0xee ./Core/Src/main.o
 .debug_info    0x0000000000002b06      0xd93 ./Core/Src/spi_manager.o
 .debug_info    0x0000000000003899      0x481 ./Core/Src/sst.o
 .debug_info    0x0000000000003d1a      0x3bd ./Core/Src/sst_port.o
 .debug_info    0x00000000000040d7      0x118 ./Core/Src/stm32f4xx_it.o
 .debug_info    0x00000000000041ef      0x512 ./Core/Src/system_stm32f4xx.o
 .debug_info    0x0000000000004701      0xbf3 ./Core/Src/tim.o
 .debug_info    0x00000000000052f4       0x23 ./Core/Startup/startup_stm32f407vgtx.o
 .debug_info    0x0000000000005317      0x948 ./Drivers/STM32F4xx_HAL_Driver/Src/stm32f4xx_hal.o
 .debug_info    0x0000000000005c5f      0xd46 ./Drivers/STM32F4xx_HAL_Driver/Src/stm32f4xx_hal_cortex.o
 .debug_info    0x00000000000069a5      0x8e7 ./Drivers/STM32F4xx_HAL_Driver/Src/stm32f4xx_hal_dma.o
 .debug_info    0x000000000000728c      0x6c3 ./Drivers/STM32F4xx_HAL_Driver/Src/stm32f4xx_hal_gpio.o
 .debug_info    0x000000000000794f      0x8b1 ./Drivers/STM32F4xx_HAL_Driver/Src/stm32f4xx_hal_rcc.o
 .debug_info    0x0000000000008200     0x15fb ./Drivers/STM32F4xx_HAL_Driver/Src/stm32f4xx_hal_spi.o
 .debug_info    0x00000000000097fb     0x2948 ./Drivers/STM32F4xx_HAL_Driver/Src/stm32f4xx_hal_tim.o
 .debug_info    0x000000000000c143     0x14ae ./Drivers/STM32F4xx_HAL_Driver/Src/stm32f4xx_hal_tim_ex.o

.debug_abbrev   0x0000000000000000     0x248f
 .debug_abbrev  0x0000000000000000      0x241 ./Core/Src/LIS3DSH.o
 .debug_abbrev  0x0000000000000241      0x161 ./Core/Src/blinky.o
 .debug_abbrev  0x00000000000003a2      0x378 ./Core/Src/bsp.o
 .debug_abbrev  0x000000000000071a       0x9b ./Core/Src/main.o
 .debug_abbrev  0x00000000000007b5      0x248 ./Core/Src/spi_manager.o
 .debug_abbrev  0x00000000000009fd      0x1a6 ./Core/Src/sst.o
 .debug_abbrev  0x0000000000000ba3      0x1a1 ./Core/Src/sst_port.o
 .debug_abbrev  0x0000000000000d44       0x74 ./Core/Src/stm32f4xx_it.o
 .debug_abbrev  0x0000000000000db8      0x11a ./Core/Src/system_stm32f4xx.o
 .debug_abbrev  0x0000000000000ed2      0x212 ./Core/Src/tim.o
 .debug_abbrev  0x00000000000010e4       0x12 ./Core/Startup/startup_stm32f407vgtx.o
 .debug_abbrev  0x00000000000010f6      0x213 ./Drivers/STM32F4xx_HAL_Driver/Src/stm32f4xx_hal.o
 .debug_abbrev  0x0000000000001309      0x327 ./Drivers/STM32F4xx_HAL_Driver/Src/stm32f4xx_hal_cortex.o
 .debug_abbrev  0x0000000000001630      0x264 ./Drivers/STM32F4xx_HAL_Driver/Src/stm32f4xx_hal_dma.o
 .debug_abbrev  0x0000000000001894      0x1d4 ./Drivers/STM32F4xx_HAL_Driver/Src/stm32f4xx_hal_gpio.o
 .debug_abbrev  0x0000000000001a68      0x2b6 ./Drivers/STM32F4xx_HAL_Driver/Src/stm32f4xx_hal_rcc.o
 .debug_abbrev  0x0000000000001d1e      0x284 ./Drivers/STM32F4xx_HAL_Driver/Src/stm32f4xx_hal_spi.o
 .debug_abbrev  0x0000000000001fa2      0x271 ./Drivers/STM32F4xx_HAL_Driver/Src/stm32f4xx_hal_tim.o
 .debug_abbrev  0x0000000000002213      0x27c ./Drivers/STM32F4xx_HAL_Driver/Src/stm32f4xx_hal_tim_ex.o

.debug_aranges  0x0000000000000000      0xe30
 .debug_aranges
                0x0000000000000000       0x80 ./Core/Src/LIS3DSH.o
 .debug_aranges
                0x0000000000000080       0x30 ./Core/Src/blinky.o
 .debug_aranges
                0x00000000000000b0       0xd8 ./Core/Src/bsp.o
 .debug_aranges
                0x0000000000000188       0x20 ./Core/Src/main.o
 .debug_aranges
                0x00000000000001a8       0x68 ./Core/Src/spi_manager.o
 .debug_aranges
                0x0000000000000210       0x58 ./Core/Src/sst.o
 .debug_aranges
                0x0000000000000268       0x60 ./Core/Src/sst_port.o
 .debug_aranges
                0x00000000000002c8       0x60 ./Core/Src/stm32f4xx_it.o
 .debug_aranges
                0x0000000000000328       0x28 ./Core/Src/system_stm32f4xx.o
 .debug_aranges
                0x0000000000000350       0x38 ./Core/Src/tim.o
 .debug_aranges
                0x0000000000000388       0x28 ./Core/Startup/startup_stm32f407vgtx.o
 .debug_aranges
                0x00000000000003b0       0xf0 ./Drivers/STM32F4xx_HAL_Driver/Src/stm32f4xx_hal.o
 .debug_aranges
                0x00000000000004a0      0x118 ./Drivers/STM32F4xx_HAL_Driver/Src/stm32f4xx_hal_cortex.o
 .debug_aranges
                0x00000000000005b8       0x90 ./Drivers/STM32F4xx_HAL_Driver/Src/stm32f4xx_hal_dma.o
 .debug_aranges
                0x0000000000000648       0x58 ./Drivers/STM32F4xx_HAL_Driver/Src/stm32f4xx_hal_gpio.o
 .debug_aranges
                0x00000000000006a0       0x88 ./Drivers/STM32F4xx_HAL_Driver/Src/stm32f4xx_hal_rcc.o
 .debug_aranges
                0x0000000000000728      0x1d0 ./Drivers/STM32F4xx_HAL_Driver/Src/stm32f4xx_hal_spi.o
 .debug_aranges
                0x00000000000008f8      0x3d0 ./Drivers/STM32F4xx_HAL_Driver/Src/stm32f4xx_hal_tim.o
 .debug_aranges
                0x0000000000000cc8      0x168 ./Drivers/STM32F4xx_HAL_Driver/Src/stm32f4xx_hal_tim_ex.o

.debug_rnglists
                0x0000000000000000      0xada
 .debug_rnglists
                0x0000000000000000       0x5d ./Core/Src/LIS3DSH.o
 .debug_rnglists
                0x000000000000005d       0x20 ./Core/Src/blinky.o
 .debug_rnglists
                0x000000000000007d       0xa0 ./Core/Src/bsp.o
 .debug_rnglists
                0x000000000000011d       0x13 ./Core/Src/main.o
 .debug_rnglists
                0x0000000000000130       0x4b ./Core/Src/spi_manager.o
 .debug_rnglists
                0x000000000000017b       0x3d ./Core/Src/sst.o
 .debug_rnglists
                0x00000000000001b8       0x45 ./Core/Src/sst_port.o
 .debug_rnglists
                0x00000000000001fd       0x43 ./Core/Src/stm32f4xx_it.o
 .debug_rnglists
                0x0000000000000240       0x1a ./Core/Src/system_stm32f4xx.o
 .debug_rnglists
                0x000000000000025a       0x27 ./Core/Src/tim.o
 .debug_rnglists
                0x0000000000000281       0x19 ./Core/Startup/startup_stm32f407vgtx.o
 .debug_rnglists
                0x000000000000029a       0xaf ./Drivers/STM32F4xx_HAL_Driver/Src/stm32f4xx_hal.o
 .debug_rnglists
                0x0000000000000349       0xce ./Drivers/STM32F4xx_HAL_Driver/Src/stm32f4xx_hal_cortex.o
 .debug_rnglists
                0x0000000000000417       0x70 ./Drivers/STM32F4xx_HAL_Driver/Src/stm32f4xx_hal_dma.o
 .debug_rnglists
                0x0000000000000487       0x3f ./Drivers/STM32F4xx_HAL_Driver/Src/stm32f4xx_hal_gpio.o
 .debug_rnglists
                0x00000000000004c6       0x66 ./Drivers/STM32F4xx_HAL_Driver/Src/stm32f4xx_hal_rcc.o
 .debug_rnglists
                0x000000000000052c      0x16f ./Drivers/STM32F4xx_HAL_Driver/Src/stm32f4xx_hal_spi.o
 .debug_rnglists
                0x000000000000069b      0x31a ./Drivers/STM32F4xx_HAL_Driver/Src/stm32f4xx_hal_tim.o
 .debug_rnglists
                0x00000000000009b5      0x125 ./Drivers/STM32F4xx_HAL_Driver/Src/stm32f4xx_hal_tim_ex.o

.debug_macro    0x0000000000000000    0x21c65
 .debug_macro   0x0000000000000000      0x25f ./Core/Src/LIS3DSH.o
 .debug_macro   0x000000000000025f      0xaa8 ./Core/Src/LIS3DSH.o
 .debug_macro   0x0000000000000d07       0x22 ./Core/Src/LIS3DSH.o
 .debug_macro   0x0000000000000d29       0x8e ./Core/Src/LIS3DSH.o
 .debug_macro   0x0000000000000db7       0x51 ./Core/Src/LIS3DSH.o
 .debug_macro   0x0000000000000e08      0x103 ./Core/Src/LIS3DSH.o
 .debug_macro   0x0000000000000f0b       0x6a ./Core/Src/LIS3DSH.o
 .debug_macro   0x0000000000000f75      0x1df ./Core/Src/LIS3DSH.o
 .debug_macro   0x0000000000001154       0x22 ./Core/Src/LIS3DSH.o
 .debug_macro   0x0000000000001176       0x2e ./Core/Src/LIS3DSH.o
 .debug_macro   0x00000000000011a4       0x11 ./Core/Src/LIS3DSH.o
 .debug_macro   0x00000000000011b5      0x2a1 ./Core/Src/LIS3DSH.o
 .debug_macro   0x0000000000001456       0x2e ./Core/Src/LIS3DSH.o
 .debug_macro   0x0000000000001484       0x2f ./Core/Src/LIS3DSH.o
 .debug_macro   0x00000000000014b3       0x1c ./Core/Src/LIS3DSH.o
 .debug_macro   0x00000000000014cf       0x22 ./Core/Src/LIS3DSH.o
 .debug_macro   0x00000000000014f1       0xd9 ./Core/Src/LIS3DSH.o
 .debug_macro   0x00000000000015ca     0x102d ./Core/Src/LIS3DSH.o
 .debug_macro   0x00000000000025f7      0x11f ./Core/Src/LIS3DSH.o
 .debug_macro   0x0000000000002716    0x15e82 ./Core/Src/LIS3DSH.o
 .debug_macro   0x0000000000018598       0x6d ./Core/Src/LIS3DSH.o
 .debug_macro   0x0000000000018605     0x367e ./Core/Src/LIS3DSH.o
 .debug_macro   0x000000000001bc83      0x174 ./Core/Src/LIS3DSH.o
 .debug_macro   0x000000000001bdf7       0x5c ./Core/Src/LIS3DSH.o
 .debug_macro   0x000000000001be53      0x96b ./Core/Src/LIS3DSH.o
 .debug_macro   0x000000000001c7be      0x9fe ./Core/Src/LIS3DSH.o
 .debug_macro   0x000000000001d1bc      0x115 ./Core/Src/LIS3DSH.o
 .debug_macro   0x000000000001d2d1      0x13e ./Core/Src/LIS3DSH.o
 .debug_macro   0x000000000001d40f       0xa5 ./Core/Src/LIS3DSH.o
 .debug_macro   0x000000000001d4b4      0x174 ./Core/Src/LIS3DSH.o
 .debug_macro   0x000000000001d628      0x287 ./Core/Src/LIS3DSH.o
 .debug_macro   0x000000000001d8af       0x5f ./Core/Src/LIS3DSH.o
 .debug_macro   0x000000000001d90e      0x236 ./Core/Src/LIS3DSH.o
 .debug_macro   0x000000000001db44      0x12c ./Core/Src/LIS3DSH.o
 .debug_macro   0x000000000001dc70      0x21e ./Core/Src/LIS3DSH.o
 .debug_macro   0x000000000001de8e       0x2e ./Core/Src/LIS3DSH.o
 .debug_macro   0x000000000001debc      0x11a ./Core/Src/LIS3DSH.o
 .debug_macro   0x000000000001dfd6       0x7e ./Core/Src/LIS3DSH.o
 .debug_macro   0x000000000001e054       0x89 ./Core/Src/LIS3DSH.o
 .debug_macro   0x000000000001e0dd      0x225 ./Core/Src/LIS3DSH.o
 .debug_macro   0x000000000001e302      0x8e6 ./Core/Src/LIS3DSH.o
 .debug_macro   0x000000000001ebe8       0x47 ./Core/Src/LIS3DSH.o
 .debug_macro   0x000000000001ec2f      0x248 ./Core/Src/LIS3DSH.o
 .debug_macro   0x000000000001ee77       0x7c ./Core/Src/LIS3DSH.o
 .debug_macro   0x000000000001eef3      0x12d ./Core/Src/LIS3DSH.o
 .debug_macro   0x000000000001f020      0x1c6 ./Core/Src/LIS3DSH.o
 .debug_macro   0x000000000001f1e6       0xca ./Core/Src/LIS3DSH.o
 .debug_macro   0x000000000001f2b0       0x3d ./Core/Src/LIS3DSH.o
 .debug_macro   0x000000000001f2ed      0x269 ./Core/Src/blinky.o
 .debug_macro   0x000000000001f556      0x2a8 ./Core/Src/bsp.o
 .debug_macro   0x000000000001f7fe      0x248 ./Core/Src/main.o
 .debug_macro   0x000000000001fa46      0x31b ./Core/Src/spi_manager.o
 .debug_macro   0x000000000001fd61       0x61 ./Core/Src/spi_manager.o
 .debug_macro   0x000000000001fdc2       0x2a ./Core/Src/spi_manager.o
 .debug_macro   0x000000000001fdec       0x43 ./Core/Src/spi_manager.o
 .debug_macro   0x000000000001fe2f       0x34 ./Core/Src/spi_manager.o
 .debug_macro   0x000000000001fe63       0x16 ./Core/Src/spi_manager.o
 .debug_macro   0x000000000001fe79       0x43 ./Core/Src/spi_manager.o
 .debug_macro   0x000000000001febc       0x34 ./Core/Src/spi_manager.o
 .debug_macro   0x000000000001fef0       0x10 ./Core/Src/spi_manager.o
 .debug_macro   0x000000000001ff00       0x58 ./Core/Src/spi_manager.o
 .debug_macro   0x000000000001ff58       0x8e ./Core/Src/spi_manager.o
 .debug_macro   0x000000000001ffe6       0x1c ./Core/Src/spi_manager.o
 .debug_macro   0x0000000000020002      0x177 ./Core/Src/spi_manager.o
 .debug_macro   0x0000000000020179      0x369 ./Core/Src/spi_manager.o
 .debug_macro   0x00000000000204e2       0x10 ./Core/Src/spi_manager.o
 .debug_macro   0x00000000000204f2       0x35 ./Core/Src/spi_manager.o
 .debug_macro   0x0000000000020527       0x20 ./Core/Src/spi_manager.o
 .debug_macro   0x0000000000020547       0x8d ./Core/Src/sst.o
 .debug_macro   0x00000000000205d4       0xb1 ./Core/Src/sst_port.o
 .debug_macro   0x0000000000020685      0x221 ./Core/Src/stm32f4xx_it.o
 .debug_macro   0x00000000000208a6      0x1e7 ./Core/Src/system_stm32f4xx.o
 .debug_macro   0x0000000000020a8d      0x200 ./Core/Src/tim.o
 .debug_macro   0x0000000000020c8d      0x247 ./Drivers/STM32F4xx_HAL_Driver/Src/stm32f4xx_hal.o
 .debug_macro   0x0000000000020ed4      0x1e7 ./Drivers/STM32F4xx_HAL_Driver/Src/stm32f4xx_hal_cortex.o
 .debug_macro   0x00000000000210bb      0x1ed ./Drivers/STM32F4xx_HAL_Driver/Src/stm32f4xx_hal_dma.o
 .debug_macro   0x00000000000212a8      0x1ed ./Drivers/STM32F4xx_HAL_Driver/Src/stm32f4xx_hal_gpio.o
 .debug_macro   0x0000000000021495      0x20b ./Drivers/STM32F4xx_HAL_Driver/Src/stm32f4xx_hal_rcc.o
 .debug_macro   0x00000000000216a0      0x1f6 ./Drivers/STM32F4xx_HAL_Driver/Src/stm32f4xx_hal_spi.o
 .debug_macro   0x0000000000021896      0x1e8 ./Drivers/STM32F4xx_HAL_Driver/Src/stm32f4xx_hal_tim.o
 .debug_macro   0x0000000000021a7e      0x1e7 ./Drivers/STM32F4xx_HAL_Driver/Src/stm32f4xx_hal_tim_ex.o

.debug_line     0x0000000000000000    0x1055f
 .debug_line    0x0000000000000000      0xa20 ./Core/Src/LIS3DSH.o
 .debug_line    0x0000000000000a20      0x88c ./Core/Src/blinky.o
 .debug_line    0x00000000000012ac      0xbbf ./Core/Src/bsp.o
 .debug_line    0x0000000000001e6b      0x7b7 ./Core/Src/main.o
 .debug_line    0x0000000000002622      0xb0a ./Core/Src/spi_manager.o
 .debug_line    0x000000000000312c      0x5a3 ./Core/Src/sst.o
 .debug_line    0x00000000000036cf      0x631 ./Core/Src/sst_port.o
 .debug_line    0x0000000000003d00      0x85a ./Core/Src/stm32f4xx_it.o
 .debug_line    0x000000000000455a      0x7f4 ./Core/Src/system_stm32f4xx.o
 .debug_line    0x0000000000004d4e      0x84d ./Core/Src/tim.o
 .debug_line    0x000000000000559b       0x7a ./Core/Startup/startup_stm32f407vgtx.o
 .debug_line    0x0000000000005615      0xa5a ./Drivers/STM32F4xx_HAL_Driver/Src/stm32f4xx_hal.o
 .debug_line    0x000000000000606f      0xd09 ./Drivers/STM32F4xx_HAL_Driver/Src/stm32f4xx_hal_cortex.o
 .debug_line    0x0000000000006d78      0xfbe ./Drivers/STM32F4xx_HAL_Driver/Src/stm32f4xx_hal_dma.o
 .debug_line    0x0000000000007d36      0xbce ./Drivers/STM32F4xx_HAL_Driver/Src/stm32f4xx_hal_gpio.o
 .debug_line    0x0000000000008904      0xdd3 ./Drivers/STM32F4xx_HAL_Driver/Src/stm32f4xx_hal_rcc.o
 .debug_line    0x00000000000096d7     0x1ceb ./Drivers/STM32F4xx_HAL_Driver/Src/stm32f4xx_hal_spi.o
 .debug_line    0x000000000000b3c2     0x3746 ./Drivers/STM32F4xx_HAL_Driver/Src/stm32f4xx_hal_tim.o
 .debug_line    0x000000000000eb08     0x1a57 ./Drivers/STM32F4xx_HAL_Driver/Src/stm32f4xx_hal_tim_ex.o

.debug_str      0x0000000000000000    0xcc39b
 .debug_str     0x0000000000000000    0xc5013 ./Core/Src/LIS3DSH.o
                                      0xc52b2 (size before relaxing)
 .debug_str     0x00000000000c5013      0x15a ./Core/Src/blinky.o
                                      0xc4fdf (size before relaxing)
 .debug_str     0x00000000000c516d     0x10c5 ./Core/Src/bsp.o
                                      0xc60b6 (size before relaxing)
 .debug_str     0x00000000000c6232       0x37 ./Core/Src/main.o
                                      0xc4b66 (size before relaxing)
 .debug_str     0x00000000000c6269     0x32cc ./Core/Src/spi_manager.o
                                      0xc87b1 (size before relaxing)
 .debug_str     0x00000000000c9535       0x67 ./Core/Src/sst.o
                                       0x42dd (size before relaxing)
 .debug_str     0x00000000000c959c      0x182 ./Core/Src/sst_port.o
                                       0x43ae (size before relaxing)
 .debug_str     0x00000000000c971e       0xc9 ./Core/Src/stm32f4xx_it.o
                                      0xc4795 (size before relaxing)
 .debug_str     0x00000000000c97e7       0x87 ./Core/Src/system_stm32f4xx.o
                                      0xc3f1f (size before relaxing)
 .debug_str     0x00000000000c986e      0x45f ./Core/Src/tim.o
                                      0xc4d9d (size before relaxing)
 .debug_str     0x00000000000c9ccd       0x34 ./Core/Startup/startup_stm32f407vgtx.o
                                         0x72 (size before relaxing)
 .debug_str     0x00000000000c9d01      0x622 ./Drivers/STM32F4xx_HAL_Driver/Src/stm32f4xx_hal.o
                                      0xc4aa3 (size before relaxing)
 .debug_str     0x00000000000ca323      0x313 ./Drivers/STM32F4xx_HAL_Driver/Src/stm32f4xx_hal_cortex.o
                                      0xc47d6 (size before relaxing)
 .debug_str     0x00000000000ca636      0x315 ./Drivers/STM32F4xx_HAL_Driver/Src/stm32f4xx_hal_dma.o
                                      0xc4339 (size before relaxing)
 .debug_str     0x00000000000ca94b      0x121 ./Drivers/STM32F4xx_HAL_Driver/Src/stm32f4xx_hal_gpio.o
                                      0xc409a (size before relaxing)
 .debug_str     0x00000000000caa6c      0x233 ./Drivers/STM32F4xx_HAL_Driver/Src/stm32f4xx_hal_rcc.o
                                      0xc4353 (size before relaxing)
 .debug_str     0x00000000000cac9f      0x518 ./Drivers/STM32F4xx_HAL_Driver/Src/stm32f4xx_hal_spi.o
                                      0xc47e3 (size before relaxing)
 .debug_str     0x00000000000cb1b7      0xd51 ./Drivers/STM32F4xx_HAL_Driver/Src/stm32f4xx_hal_tim.o
                                      0xc5299 (size before relaxing)
 .debug_str     0x00000000000cbf08      0x493 ./Drivers/STM32F4xx_HAL_Driver/Src/stm32f4xx_hal_tim_ex.o
                                      0xc4ab5 (size before relaxing)

.debug_frame    0x0000000000000000     0x3a5c
 .debug_frame   0x0000000000000000      0x1ec ./Core/Src/LIS3DSH.o
 .debug_frame   0x00000000000001ec       0x7c ./Core/Src/blinky.o
 .debug_frame   0x0000000000000268      0x340 ./Core/Src/bsp.o
 .debug_frame   0x00000000000005a8       0x2c ./Core/Src/main.o
 .debug_frame   0x00000000000005d4      0x184 ./Core/Src/spi_manager.o
 .debug_frame   0x0000000000000758      0x138 ./Core/Src/sst.o
 .debug_frame   0x0000000000000890      0x160 ./Core/Src/sst_port.o
 .debug_frame   0x00000000000009f0      0x104 ./Core/Src/stm32f4xx_it.o
 .debug_frame   0x0000000000000af4       0x58 ./Core/Src/system_stm32f4xx.o
 .debug_frame   0x0000000000000b4c       0xa8 ./Core/Src/tim.o
 .debug_frame   0x0000000000000bf4      0x374 ./Drivers/STM32F4xx_HAL_Driver/Src/stm32f4xx_hal.o
 .debug_frame   0x0000000000000f68      0x498 ./Drivers/STM32F4xx_HAL_Driver/Src/stm32f4xx_hal_cortex.o
 .debug_frame   0x0000000000001400      0x250 ./Drivers/STM32F4xx_HAL_Driver/Src/stm32f4xx_hal_dma.o
 .debug_frame   0x0000000000001650      0x14c ./Drivers/STM32F4xx_HAL_Driver/Src/stm32f4xx_hal_gpio.o
 .debug_frame   0x000000000000179c      0x1f4 ./Drivers/STM32F4xx_HAL_Driver/Src/stm32f4xx_hal_rcc.o
 .debug_frame   0x0000000000001990      0x824 ./Drivers/STM32F4xx_HAL_Driver/Src/stm32f4xx_hal_spi.o
 .debug_frame   0x00000000000021b4     0x11c4 ./Drivers/STM32F4xx_HAL_Driver/Src/stm32f4xx_hal_tim.o
 .debug_frame   0x0000000000003378      0x638 ./Drivers/STM32F4xx_HAL_Driver/Src/stm32f4xx_hal_tim_ex.o
 .debug_frame   0x00000000000039b0       0x20 C:/ST/STM32CubeIDE_1.13.1/STM32CubeIDE/plugins/com.st.stm32cube.ide.mcu.externaltools.gnu-tools-for-stm32.11.3.rel1.win32_1.1.0.202305231506/tools/bin/../lib/gcc/arm-none-eabi/11.3.1/../../../../arm-none-eabi/lib/thumb/v7e-m+fp/hard\libc_nano.a(libc_a-memset.o)
 .debug_frame   0x00000000000039d0       0x2c C:/ST/STM32CubeIDE_1.13.1/STM32CubeIDE/plugins/com.st.stm32cube.ide.mcu.externaltools.gnu-tools-for-stm32.11.3.rel1.win32_1.1.0.202305231506/tools/bin/../lib/gcc/arm-none-eabi/11.3.1/../../../../arm-none-eabi/lib/thumb/v7e-m+fp/hard\libc_nano.a(libc_a-init.o)
 .debug_frame   0x00000000000039fc       0x2c C:/ST/STM32CubeIDE_1.13.1/STM32CubeIDE/plugins/com.st.stm32cube.ide.mcu.externaltools.gnu-tools-for-stm32.11.3.rel1.win32_1.1.0.202305231506/tools/bin/../lib/gcc/arm-none-eabi/11.3.1/thumb/v7e-m+fp/hard\libgcc.a(_aeabi_uldivmod.o)
 .debug_frame   0x0000000000003a28       0x34 C:/ST/STM32CubeIDE_1.13.1/STM32CubeIDE/plugins/com.st.stm32cube.ide.mcu.externaltools.gnu-tools-for-stm32.11.3.rel1.win32_1.1.0.202305231506/tools/bin/../lib/gcc/arm-none-eabi/11.3.1/thumb/v7e-m+fp/hard\libgcc.a(_udivmoddi4.o)

.debug_line_str
                0x0000000000000000       0x66
 .debug_line_str
                0x0000000000000000       0x66 ./Core/Startup/startup_stm32f407vgtx.o
                                         0x7e (size before relaxing)
