../Drivers/CMSIS/Include/core_cm4.h:1688:22:__NVIC_EnableIRQ	16	static
../Drivers/CMSIS/Include/core_cm4.h:1939:34:__NVIC_SystemReset	4	static,ignoring_inline_asm
../Core/Src/bsp.c:39:6:HASH_RNG_IRQHandler	8	static
../Core/Src/bsp.c:43:6:BSP_init_SPIManager_Task	16	static
../Core/Src/bsp.c:59:6:HAL_SPI_TxRxCpltCallback	16	static
../Core/Src/bsp.c:66:6:SPI1_IRQHandler	8	static
../Core/Src/bsp.c:82:6:DCMI_IRQHandler	8	static
../Core/Src/bsp.c:86:6:BSP_init_LIS3DSH_Task	16	static
../Core/Src/bsp.c:100:19:LIS3DSH_read	16	static
../Core/Src/bsp.c:117:6:UNUSED_IRQHandler0	8	static
../Core/Src/bsp.c:121:6:BSP_init_blinky_task	16	static
../Core/Src/bsp.c:132:6:BSP_init	8	static
../Core/Src/bsp.c:143:6:set_blue_LED_duty	16	static
../Core/Src/bsp.c:146:6:set_red_LED_duty	16	static
../Core/Src/bsp.c:150:6:set_orange_LED_duty	16	static
../Core/Src/bsp.c:154:6:set_green_LED_duty	16	static
../Core/Src/bsp.c:158:6:DBC_fault_handler	16	static,ignoring_inline_asm
../Core/Src/bsp.c:177:6:HAL_MspInit	16	static
../Core/Src/bsp.c:190:6:HAL_SPI_MspInit	48	static
../Core/Src/bsp.c:227:6:HAL_SPI_MspDeInit	16	static
../Core/Src/bsp.c:243:6:SystemClock_Config	88	static
../Core/Src/bsp.c:285:13:MX_SPI1_Init	8	static
../Core/Src/bsp.c:321:13:MX_GPIO_Init	56	static
../Core/Src/bsp.c:444:6:Error_Handler	4	static,ignoring_inline_asm
